main.c:233:6:Init_Log	8	static
main.c:239:9:Log	72	static
main.c:257:6:Driver_Log	8	static
main.c:282:9:Convert2CharToBCD	24	static
main.c:296:6:CorrectRtcTime	48	static
main.c:317:6:HAL_RTCEx_WakeUpTimerEventCallback	16	static
main.c:329:6:HardwareLoop10ms	8	static
main.c:337:6:HardwareInit	8	static
main.c:406:6:HardwareLowlevelLoop	232	static
main.c:487:6:Proc_Init	8	static
main.c:500:6:Act_ResetProc	8	static
main.c:510:6:Act_SampleAdc	112	static
main.c:535:6:Init_SampData	8	static
main.c:551:6:Proc_SampData	16	static
main.c:607:6:Proc_GenerateJson	240	static
main.c:640:6:M5310A_CleanRx	8	static
main.c:647:6:M5310A_RestartRx	8	static
main.c:654:6:Proc_HttpPost	8	static
main.c:897:6:Proc_SysStop	112	static
main.c:941:6:Proc_CorrectRtc	8	static
main.c:978:6:Proc_ConfigPsm	8	static
main.c:1019:6:MDB_ResetControl	16	static
main.c:1036:6:Init_MDB_AUTO	8	static
main.c:1064:9:ArrayEqu	32	static
main.c:1082:9:MDB_DecodeFrame	16	static
main.c:1142:6:Proc_MDBread	32	static
main.c:1261:5:main	8	static
main.c:1303:6:SystemClock_Config	120	static
main.c:1351:13:MX_ADC_Init	16	static
main.c:1404:13:MX_CRC_Init	8	static
main.c:1434:13:MX_RTC_Init	32	static
main.c:1503:13:MX_SPI2_Init	8	static
main.c:1540:13:MX_TIM6_Init	16	static
main.c:1577:13:MX_USART1_UART_Init	8	static
main.c:1611:13:MX_USART2_UART_Init	8	static
main.c:1645:13:MX_USART4_UART_Init	8	static
main.c:1679:13:MX_USART5_UART_Init	8	static
main.c:1711:13:MX_DMA_Init	16	static
main.c:1731:13:MX_GPIO_Init	48	static
main.c:1782:6:HAL_TIM_PeriodElapsedCallback	16	static
main.c:1803:6:Error_Handler	8	static
