stm32l0xx_it.c:83:6:NMI_Handler	8	static
stm32l0xx_it.c:96:6:HardFault_Handler	8	static
stm32l0xx_it.c:111:6:SVC_Handler	8	static
stm32l0xx_it.c:124:6:PendSV_Handler	8	static
stm32l0xx_it.c:137:6:SysTick_Handler	8	static
stm32l0xx_it.c:158:6:RTC_IRQHandler	8	static
stm32l0xx_it.c:172:6:DMA1_Channel2_3_IRQHandler	8	static
stm32l0xx_it.c:187:6:DMA1_Channel4_5_6_7_IRQHandler	8	static
stm32l0xx_it.c:204:6:USART4_5_IRQHandler	8	static
stm32l0xx_it.c:219:6:TIM2_IRQHandler	8	static
stm32l0xx_it.c:233:6:TIM6_IRQHandler	8	static
stm32l0xx_it.c:247:6:USART1_IRQHandler	8	static
stm32l0xx_it.c:261:6:USART2_IRQHandler	8	static
