stm32l0xx_hal_msp.c:75:6:HAL_MspInit	8	static
stm32l0xx_hal_msp.c:97:6:HAL_ADC_MspInit	48	static
stm32l0xx_hal_msp.c:130:6:HAL_ADC_MspDeInit	16	static
stm32l0xx_hal_msp.c:158:6:HAL_CRC_MspInit	24	static
stm32l0xx_hal_msp.c:180:6:HAL_CRC_MspDeInit	16	static
stm32l0xx_hal_msp.c:202:6:HAL_RTC_MspInit	16	static
stm32l0xx_hal_msp.c:227:6:HAL_RTC_MspDeInit	16	static
stm32l0xx_hal_msp.c:252:6:HAL_SPI_MspInit	48	static
stm32l0xx_hal_msp.c:289:6:HAL_SPI_MspDeInit	16	static
stm32l0xx_hal_msp.c:319:6:HAL_TIM_Base_MspInit	16	static
stm32l0xx_hal_msp.c:344:6:HAL_TIM_Base_MspDeInit	16	static
stm32l0xx_hal_msp.c:369:6:HAL_UART_MspInit	64	static
stm32l0xx_hal_msp.c:604:6:HAL_UART_MspDeInit	16	static
